<?xml version="1.0" encoding="utf-8"?><testsuites name="pytest tests"><testsuite name="pytest" errors="0" failures="0" skipped="0" tests="138" time="18.268" timestamp="2026-03-27T04:45:42.583623+00:00" hostname="a0de368a58dd"><testcase classname="tests.test_admin" name="test_admin_list_clinics" time="0.253" /><testcase classname="tests.test_admin" name="test_admin_list_clinics_non_admin_rejected" time="0.121" /><testcase classname="tests.test_admin" name="test_admin_list_clinics_search" time="0.124" /><testcase classname="tests.test_admin" name="test_admin_get_clinic_detail" time="0.155" /><testcase classname="tests.test_admin" name="test_admin_list_users_cross_clinic" time="0.131" /><testcase classname="tests.test_admin" name="test_admin_list_users_search" time="0.137" /><testcase classname="tests.test_admin" name="test_admin_list_patients_cross_clinic" time="0.130" /><testcase classname="tests.test_admin" name="test_admin_get_patient_detail_with_simulations" time="0.127" /><testcase classname="tests.test_admin" name="test_admin_get_patient_not_found" time="0.131" /><testcase classname="tests.test_audit_logs" name="test_list_audit_logs_as_owner" time="0.129" /><testcase classname="tests.test_audit_logs" name="test_audit_logs_pagination" time="0.135" /><testcase classname="tests.test_audit_logs" name="test_audit_logs_provider_rejected" time="0.121" /><testcase classname="tests.test_audit_logs" name="test_audit_logs_nurse_rejected" time="0.115" /><testcase classname="tests.test_audit_logs" name="test_audit_logs_office_admin_allowed" time="0.140" /><testcase classname="tests.test_audit_logs" name="test_audit_logs_clinic_isolation" time="0.127" /><testcase classname="tests.test_audit_logs" name="test_audit_log_entry_fields" time="0.127" /><testcase classname="tests.test_auth" name="test_register_creates_clinic_and_owner" time="0.124" /><testcase classname="tests.test_auth" name="test_register_without_token_returns_422" time="0.112" /><testcase classname="tests.test_auth" name="test_register_with_invalid_token_returns_401" time="0.135" /><testcase classname="tests.test_auth" name="test_register_duplicate_firebase_uid_rejected" time="0.128" /><testcase classname="tests.test_auth" name="test_me_returns_current_user_and_clinic" time="0.155" /><testcase classname="tests.test_auth" name="test_me_without_auth_returns_422" time="0.125" /><testcase classname="tests.test_auth" name="test_me_with_invalid_token_returns_401" time="0.122" /><testcase classname="tests.test_auth" name="test_me_with_deactivated_user_returns_401" time="0.124" /><testcase classname="tests.test_clinics" name="test_get_clinic" time="0.149" /><testcase classname="tests.test_clinics" name="test_update_clinic_name" time="0.135" /><testcase classname="tests.test_clinics" name="test_update_clinic_settings" time="0.128" /><testcase classname="tests.test_clinics" name="test_update_clinic_partial" time="0.129" /><testcase classname="tests.test_clinics" name="test_update_clinic_creates_audit_log" time="0.127" /><testcase classname="tests.test_clinics" name="test_get_clinic_without_auth" time="0.120" /><testcase classname="tests.test_consent" name="test_record_consent_service_usage" time="0.122" /><testcase classname="tests.test_consent" name="test_record_consent_training_data" time="0.126" /><testcase classname="tests.test_consent" name="test_record_consent_invalid_type" time="0.115" /><testcase classname="tests.test_consent" name="test_record_consent_other_clinic_patient" time="0.124" /><testcase classname="tests.test_consent" name="test_record_consent_writes_audit_log" time="0.119" /><testcase classname="tests.test_consent" name="test_get_patient_consent_records" time="0.126" /><testcase classname="tests.test_consent" name="test_get_consent_other_clinic_patient" time="0.124" /><testcase classname="tests.test_health" name="test_health_returns_ok" time="0.153" /><testcase classname="tests.test_health" name="test_health_no_auth_required" time="0.113" /><testcase classname="tests.test_image_validator" name="test_validate_valid_image" time="0.108" /><testcase classname="tests.test_image_validator" name="test_validate_no_face" time="0.106" /><testcase classname="tests.test_image_validator" name="test_validate_api_timeout_allows_through" time="0.108" /><testcase classname="tests.test_image_validator" name="test_validate_api_error_allows_through" time="0.149" /><testcase classname="tests.test_image_validator" name="test_validate_malformed_response_allows_through" time="0.111" /><testcase classname="tests.test_image_validator" name="test_create_simulation_rejected_by_validation" time="0.121" /><testcase classname="tests.test_image_validator" name="test_create_simulation_validation_passes" time="0.131" /><testcase classname="tests.test_images" name="test_get_upload_url_before" time="0.146" /><testcase classname="tests.test_images" name="test_get_upload_url_post_procedure" time="0.132" /><testcase classname="tests.test_images" name="test_get_upload_url_invalid_purpose" time="0.121" /><testcase classname="tests.test_images" name="test_get_upload_url_invalid_content_type" time="0.160" /><testcase classname="tests.test_images" name="test_get_upload_url_writes_audit_log" time="0.135" /><testcase classname="tests.test_images" name="test_get_download_url" time="0.128" /><testcase classname="tests.test_images" name="test_get_download_url_cross_clinic_rejected" time="0.146" /><testcase classname="tests.test_images" name="test_get_download_url_writes_audit_log" time="0.131" /><testcase classname="tests.test_patients" name="test_create_patient" time="0.111" /><testcase classname="tests.test_patients" name="test_create_patient_minimal" time="0.111" /><testcase classname="tests.test_patients" name="test_create_patient_writes_audit_log" time="0.113" /><testcase classname="tests.test_patients" name="test_list_patients" time="0.135" /><testcase classname="tests.test_patients" name="test_list_patients_search_by_name" time="0.123" /><testcase classname="tests.test_patients" name="test_list_patients_search_by_external_id" time="0.124" /><testcase classname="tests.test_patients" name="test_list_patients_pagination" time="0.136" /><testcase classname="tests.test_patients" name="test_get_patient_by_id" time="0.124" /><testcase classname="tests.test_patients" name="test_get_patient_from_other_clinic_returns_404" time="0.122" /><testcase classname="tests.test_patients" name="test_update_patient" time="0.127" /><testcase classname="tests.test_patients" name="test_update_patient_from_other_clinic_returns_404" time="0.150" /><testcase classname="tests.test_patients" name="test_update_patient_writes_audit_log" time="0.124" /><testcase classname="tests.test_post_procedure" name="test_create_post_procedure" time="0.180" /><testcase classname="tests.test_post_procedure" name="test_create_post_procedure_with_simulation" time="0.147" /><testcase classname="tests.test_post_procedure" name="test_create_post_procedure_cross_clinic_image_rejected" time="0.170" /><testcase classname="tests.test_post_procedure" name="test_create_post_procedure_other_clinic_patient" time="0.110" /><testcase classname="tests.test_post_procedure" name="test_create_post_procedure_writes_audit_log" time="0.119" /><testcase classname="tests.test_post_procedure" name="test_list_post_procedure" time="0.141" /><testcase classname="tests.test_post_procedure" name="test_list_post_procedure_other_clinic_patient" time="0.141" /><testcase classname="tests.test_share" name="test_create_share_link" time="0.130" /><testcase classname="tests.test_share" name="test_create_share_link_failed_simulation" time="0.129" /><testcase classname="tests.test_share" name="test_create_share_link_writes_audit_log" time="0.134" /><testcase classname="tests.test_share" name="test_view_shared_simulation" time="0.128" /><testcase classname="tests.test_share" name="test_view_shared_simulation_no_auth_required" time="0.121" /><testcase classname="tests.test_share" name="test_view_shared_simulation_expired" time="0.122" /><testcase classname="tests.test_share" name="test_view_shared_simulation_invalid_token" time="0.112" /><testcase classname="tests.test_share" name="test_multiple_share_links_for_same_simulation" time="0.129" /><testcase classname="tests.test_simulations" name="test_create_simulation_success" time="0.133" /><testcase classname="tests.test_simulations" name="test_create_simulation_invalid_treatment_type" time="0.133" /><testcase classname="tests.test_simulations" name="test_create_simulation_invalid_shade" time="0.153" /><testcase classname="tests.test_simulations" name="test_create_simulation_patient_from_other_clinic" time="0.160" /><testcase classname="tests.test_simulations" name="test_create_simulation_cross_clinic_image_key_rejected" time="0.128" /><testcase classname="tests.test_simulations" name="test_create_simulation_ai_failure" time="0.139" /><testcase classname="tests.test_simulations" name="test_create_simulation_writes_audit_logs" time="0.119" /><testcase classname="tests.test_simulations" name="test_get_simulation" time="0.123" /><testcase classname="tests.test_simulations" name="test_get_simulation_not_found" time="0.117" /><testcase classname="tests.test_simulations" name="test_get_simulation_full_with_post_procedure" time="0.127" /><testcase classname="tests.test_simulations" name="test_get_simulation_full_without_post_procedure" time="0.129" /><testcase classname="tests.test_simulations" name="test_get_simulation_pdf" time="0.136" /><testcase classname="tests.test_simulations" name="test_get_simulation_pdf_failed_simulation" time="0.123" /><testcase classname="tests.test_simulations" name="test_list_patient_simulations" time="0.127" /><testcase classname="tests.test_simulations" name="test_list_patient_simulations_pagination" time="0.128" /><testcase classname="tests.test_simulations" name="test_list_patient_simulations_other_clinic_patient" time="0.143" /><testcase classname="tests.test_simulations" name="test_send_simulation_email" time="0.134" /><testcase classname="tests.test_simulations" name="test_send_simulation_email_uses_patient_email" time="0.128" /><testcase classname="tests.test_simulations" name="test_send_simulation_email_no_email_available" time="0.125" /><testcase classname="tests.test_simulations" name="test_send_simulation_email_failed_simulation" time="0.145" /><testcase classname="tests.test_subscription" name="test_get_subscription_status" time="0.122" /><testcase classname="tests.test_subscription" name="test_create_checkout_monthly" time="0.120" /><testcase classname="tests.test_subscription" name="test_create_checkout_annual" time="0.123" /><testcase classname="tests.test_subscription" name="test_create_checkout_invalid_plan" time="0.120" /><testcase classname="tests.test_subscription" name="test_checkout_saves_customer_id" time="0.124" /><testcase classname="tests.test_subscription" name="test_create_portal_no_customer" time="0.120" /><testcase classname="tests.test_subscription" name="test_create_portal_with_customer" time="0.116" /><testcase classname="tests.test_subscription" name="test_webhook_no_signature_rejected" time="0.134" /><testcase classname="tests.test_subscription" name="test_webhook_invalid_signature_rejected" time="0.113" /><testcase classname="tests.test_subscription" name="test_webhook_checkout_completed" time="0.126" /><testcase classname="tests.test_subscription" name="test_webhook_subscription_deleted" time="0.155" /><testcase classname="tests.test_subscription" name="test_webhook_payment_failed" time="0.120" /><testcase classname="tests.test_subscription" name="test_active_trial_allows_access" time="0.137" /><testcase classname="tests.test_subscription" name="test_expired_trial_blocks_access" time="0.121" /><testcase classname="tests.test_subscription" name="test_active_subscription_allows_access" time="0.127" /><testcase classname="tests.test_subscription" name="test_canceled_subscription_blocks_access" time="0.206" /><testcase classname="tests.test_subscription" name="test_past_due_blocks_access" time="0.126" /><testcase classname="tests.test_subscription" name="test_ungated_endpoints_work_without_subscription" time="0.120" /><testcase classname="tests.test_subscription" name="test_share_view_works_without_subscription" time="0.116" /><testcase classname="tests.test_subscription" name="test_registration_sets_trial" time="0.120" /><testcase classname="tests.test_subscription" name="test_trial_daily_simulation_limit" time="0.136" /><testcase classname="tests.test_subscription" name="test_active_subscription_no_daily_limit" time="0.133" /><testcase classname="tests.test_team" name="test_list_team" time="0.118" /><testcase classname="tests.test_team" name="test_list_team_nurse_rejected" time="0.113" /><testcase classname="tests.test_team" name="test_list_team_provider_rejected" time="0.121" /><testcase classname="tests.test_team" name="test_invite_team_member" time="0.117" /><testcase classname="tests.test_team" name="test_invite_team_member_invalid_role" time="0.126" /><testcase classname="tests.test_team" name="test_invite_team_member_duplicate_email" time="0.169" /><testcase classname="tests.test_team" name="test_invite_owner_by_non_owner_rejected" time="0.122" /><testcase classname="tests.test_team" name="test_invite_owner_by_owner_allowed" time="0.128" /><testcase classname="tests.test_team" name="test_invite_writes_audit_log" time="0.130" /><testcase classname="tests.test_team" name="test_update_team_member_role" time="0.151" /><testcase classname="tests.test_team" name="test_deactivate_team_member" time="0.123" /><testcase classname="tests.test_team" name="test_cannot_modify_self" time="0.129" /><testcase classname="tests.test_team" name="test_update_user_from_other_clinic_returns_404" time="0.120" /><testcase classname="tests.test_team" name="test_non_owner_cannot_assign_owner_role" time="0.116" /><testcase classname="tests.test_team" name="test_update_team_member_writes_audit_log" time="0.227" /></testsuite></testsuites>